logbook
logbook.cities
logbook.cities[].centre
logbook.cities[].centre.lat
logbook.cities[].centre.lng
logbook.cities[].country
logbook.cities[].country.code
logbook.cities[].country.name
logbook.cities[].coverAsset
logbook.cities[].id
logbook.cities[].name
logbook.photos
logbook.photos[].accuracyMetres
logbook.photos[].asset
logbook.photos[].caption
logbook.photos[].cityId
logbook.photos[].coordinates
logbook.photos[].coordinates.lat
logbook.photos[].coordinates.lng
logbook.photos[].filedLater
logbook.photos[].id
logbook.photos[].placeId
logbook.photos[].takenAt
logbook.photos[].tripId
logbook.photos[].visitId
logbook.places
logbook.places[].cityId
logbook.places[].coordinates
logbook.places[].coordinates.lat
logbook.places[].coordinates.lng
logbook.places[].coverAsset
logbook.places[].id
logbook.places[].name
logbook.places[].plan
logbook.places[].visits
logbook.places[].visits[].at
logbook.places[].visits[].id
logbook.places[].visits[].note
logbook.places[].visits[].placeId
logbook.places[].visits[].tripId
logbook.traveller
logbook.traveller.name
logbook.trips
logbook.trips[].cityIds
logbook.trips[].coverAsset
logbook.trips[].end
logbook.trips[].id
logbook.trips[].name
logbook.trips[].shareCoordinates
logbook.trips[].shareLinkId
logbook.trips[].shareNotes
logbook.trips[].sharePhotos
logbook.trips[].start
logbook.trips[].summary
logbook.walks
logbook.walks[].cityId
logbook.walks[].dismissed
logbook.walks[].distanceKm
logbook.walks[].id
logbook.walks[].name
logbook.walks[].points
logbook.walks[].points[].lat
logbook.walks[].points[].lng
logbook.walks[].recordedOn
logbook.walks[].tripId
version
